// Jest Snapshot v1, https://goo.gl/fbAQLP

exports[`<App /> render() renders the component 1`] = `
<Container
  tag="div"
>
  <Row
    tag="div"
  >
    <Col
      className="titleStyle"
      tag="div"
      widths={
        Array [
          "xs",
          "sm",
          "md",
          "lg",
          "xl",
        ]
      }
    >
      STARGAZER
    </Col>
  </Row>
  <Row
    className="mt-3"
    tag="div"
  >
    <Col
      tag="div"
      widths={
        Array [
          "xs",
          "sm",
          "md",
          "lg",
          "xl",
        ]
      }
    >
      <Connect(FilterButtons) />
    </Col>
    <Col
      tag="div"
      widths={
        Array [
          "xs",
          "sm",
          "md",
          "lg",
          "xl",
        ]
      }
    >
      <Connect(SortButtons) />
    </Col>
  </Row>
  <Row
    className="my-3 mx-0"
    tag="div"
  >
    <Connect(SearchBar) />
  </Row>
  <Row
    className="mb-3"
    tag="div"
  >
    <Connect(SearchPage) />
  </Row>
  <Row
    tag="div"
  >
    <Connect(PageSelect) />
  </Row>
  <Row
    tag="div"
  >
    <Connect(SearchHistory) />
  </Row>
  <Connect(PersonModal) />
</Container>
`;
